// Jest Snapshot v1, https://goo.gl/fbAQLP

exports[`<Gallery /> should render the heading 1`] = `
<main
  class=""
>
  <h1>
    Gallery
  </h1>
</main>
`;
