// Jest Snapshot v1, https://goo.gl/fbAQLP

exports[`<PaymentOptions /> should render the heading 1`] = `
<main
  class=""
>
  <h1>
    PaymentOptions
  </h1>
</main>
`;
