// Jest Snapshot v1, https://goo.gl/fbAQLP

exports[`<Cart /> should render the heading 1`] = `
<main
  class=""
>
  <h1>
    Cart
  </h1>
</main>
`;
