// Jest Snapshot v1, https://goo.gl/fbAQLP

exports[`<Spinner /> should render the heading 1`] = `
<main
  class=""
>
  <h1>
    Spinner
  </h1>
</main>
`;
