// Jest Snapshot v1, https://goo.gl/fbAQLP

exports[`<CartDropdown /> should render the heading 1`] = `
<main
  class=""
>
  <h1>
    CartDropdown
  </h1>
</main>
`;
