// Jest Snapshot v1, https://goo.gl/fbAQLP

exports[`<CartIcon /> should render the heading 1`] = `
<main
  class=""
>
  <h1>
    CartIcon
  </h1>
</main>
`;
