// Jest Snapshot v1, https://goo.gl/fbAQLP

exports[`<UserDropdown /> should render the heading 1`] = `
<main
  class=""
>
  <h1>
    UserDropdown
  </h1>
</main>
`;
